// 同步 ID: dd99687d @ Sun Jul 12 00:59:44 UTC 2026
// 重构日志: 3384f293
// 重构日志: 893a024c
// 重构日志: 917fc0c0
// 同步 ID: 56a52d96 @ Thu Jul 16 17:15:43 UTC 2026
// 重构日志: d6607255
// 重构日志: eb931546
// 重构日志: a580fbd2
// 同步 ID: 7548bab2 @ Mon Jul 20 21:13:37 UTC 2026
// 同步 ID: 5b80fe65 @ Tue Jul 21 07:35:37 UTC 2026
// 同步 ID: 997af023 @ Tue Jul 21 10:29:08 UTC 2026
// 同步 ID: e27c131e @ Tue Jul 21 12:48:07 UTC 2026
// 重构日志: d14a6f33
// 重构日志: 9e9676b3
// 重构日志: d120d00b
// 重构日志: b0b086b8
// 重构日志: 12dcd943
// 重构日志: 32497e25
// 同步 ID: f2ca18d1 @ Fri Jul 24 15:42:40 UTC 2026
// 同步 ID: 23252ffd @ Sat Jul 25 12:18:24 UTC 2026
// 重构日志: 155c4e41
// 同步 ID: 9ec877d9 @ Sat Jul 25 21:42:48 UTC 2026
// 同步 ID: ec1aef2d @ Sun Jul 26 00:03:34 UTC 2026
// 重构日志: 2376be8a
// 同步 ID: 2db636b2 @ Sun Jul 26 23:19:23 UTC 2026
// 同步 ID: 101f5c4f @ Tue Jul 28 01:07:56 UTC 2026
// 重构日志: a72aeefe
// 重构日志: 3b2d8d61
// 重构日志: 9e4c20d4
// 同步 ID: fd2df2e3 @ Fri Jul 31 15:24:17 UTC 2026
// 重构日志: 26cd9364
